// Jest Snapshot v1, https://goo.gl/fbAQLP

exports[`should render EmployeeForm 1`] = `
<div>
  <form
    onSubmit={[Function]}
  >
    <div
      className="form-group"
    >
      <label
        htmlFor="firstName"
      >
        First name
      </label>
      <Field
        className="form-control"
        component="input"
        disabled={true}
        id="firstName"
        name="firstName"
        type="text"
      />
    </div>
    <div
      className="form-group"
    >
      <label
        htmlFor="lastName"
      >
        Last name
      </label>
      <Field
        className="form-control"
        component="input"
        disabled={true}
        id="lastName"
        name="lastName"
        type="text"
      />
    </div>
    <div
      className="form-group"
    >
      <label>
        Position
      </label>
      <div>
        <Field
          className="form-control"
          component="select"
          disabled={true}
          name="position"
        >
          <option />
          <option
            key="0"
            value="admin"
          >
            Admin
          </option>
          <option
            key="1"
            value="developer"
          >
            Developer
          </option>
          <option
            key="2"
            value="manager"
          >
            Manager
          </option>
          <option
            key="3"
            value="tester"
          >
            Tester
          </option>
          <option
            key="4"
            value="hr"
          >
            HR
          </option>
        </Field>
      </div>
    </div>
    <div
      className="form-group"
    >
      <label>
        Role
      </label>
      <div>
        <label
          className="radio-inline"
        >
          <Field
            component="input"
            disabled={true}
            name="role"
            type="radio"
            value="user"
          />
          User
        </label>
        <label
          className="radio-inline"
        >
          <Field
            component="input"
            disabled={true}
            name="role"
            type="radio"
            value="admin"
          />
          Admin
        </label>
      </div>
    </div>
    <div
      className="form-group"
    >
      <label
        htmlFor="experience"
      >
        Experience
      </label>
      <Field
        className="form-control"
        component="input"
        id="experience"
        name="experience"
        type="text"
      />
    </div>
    <div
      className="form-group"
    >
      <label
        htmlFor="shortDescription"
      >
        Short description
      </label>
      <Field
        className="form-control"
        component="input"
        id="shortDescription"
        name="shortDescription"
        type="text"
      />
    </div>
    <div
      className="form-group"
    >
      <label
        htmlFor="longDescription"
      >
        Long description
      </label>
      <div>
        <Field
          className="form-control"
          component="textarea"
          id="longDescription"
          name="longDescription"
          rows="3"
        />
      </div>
    </div>
    <div
      className="btn-toolbar"
    >
      <button
        className="btn btn-success"
        type="submit"
      >
        Submit
      </button>
      <button
        className="btn btn-warning"
        name="cancelButton"
        onClick={[Function]}
      >
        Cancel
      </button>
      <button
        className="btn btn-danger"
        disabled={true}
        name="deleteButton"
        onClick={[Function]}
      >
        Delete
      </button>
    </div>
  </form>
</div>
`;
